#!python
cubit.cmd('set node constraint on')
cubit.cmd('Create Cylinder 5 10')
cubit.cmd('Create Cylinder Height 5  Radius 10')
cubit.cmd('Delete 1')
cubit.cmd('help delete')
cubit.cmd('delete ')
cubit.cmd('delte Volume 1')
cubit.cmd('delete Volume 1')
cubit.cmd('for')
cubit.cmd('help for')
cubit.cmd('position 0 0 0')
cubit.cmd('create cylinder Height 100 Radius 0.05')
cubit.cmd('position 0 0 5')
cubit.cmd('create cylinder Height 0.05 Major Radius 10 Minor Radius 5')
cubit.cmd('position 0 0 10')
cubit.cmd('create cylinder Height 0.05 Major Radius 10 Minor Radius 5')
cubit.cmd('position 0 0 15')
cubit.cmd('create cylinder Height 0.05 Major Radius 10 Minor Radius 5')
cubit.cmd('delete volume 2 3 4 5')
cubit.cmd('position 0 0 0 create cylinder Height 100 Radius 0.05')
cubit.cmd('position 0 0 5 create cylinder Height 0.05 Major Radius 10 Minor Radius 5')
cubit.cmd('position 0 0 10 create cylinder Height 0.05 Major Radius 10 Minor Radius 5')
cubit.cmd('position 0 0 15 create cylinder Height 0.05 Major Radius 10 Minor Radius 5')
cubit.cmd('position 0 0 0 create cylinder Height 100 Radius 0.05')
cubit.cmd('position 0 0 5 create cylinder Height 0.05 Major Radius 10 Minor Radius 5')
cubit.cmd('position 0 0 10 create cylinder Height 0.05 Major Radius 10 Minor Radius 5')
cubit.cmd('position 0 0 15 create cylinder Height 0.05 Major Radius 10 Minor Radius 5')
cubit.cmd('create cylinder Height 100 Radius 0.05')
#cubit.cmd('create cylinder Height 100 Radius 0.05')
cubit.cmd('delete volume 6)
#cubit.cmd('create cylinder Height 100 Radius 0.05')
cubit.cmd('delete volume 6')
cubit.cmd('create cylinder Height 5 Radius 5')
cubit.cmd('clear')
cubit.cmd('create cylinder Height 5 Radius 5 Name well1')
cubit.cmd('help create')
cubit.cmd('create id=1 cylinder Height 5 Radius 5 ')
cubit.cmd('create id 1 cylinder Height 5 Radius 5 ')
cubit.cmd('create id 1 cylinder Height 5 Radius 10 ')
cubit.cmd('create id 1 cylinder Height 5 Radius 10 ')
cubit.cmd('list all volume')
cubit.cmd('List Volume all')
cubit.cmd('List Volume')
cubit.cmd('List Volume all')
cubit.cmd('create cylinder height 100 radius 0.05')
cubit.cmd('create cylinder height 1 radius 0.5')
cubit.cmd('List Volume all')
cubit.cmd('list volume ids')
cubit.cmd('set volume id 7 name yaakoub')
cubit.cmd('volume 7 name yaakoub')
cubit.cmd('volume 7 name "yaakoub"')
cubit.cmd('Volume {Id(“volume”)} Name “George”')
cubit.cmd('#Volume {Id(“volume”)} Name “George”')
cubit.cmd('select volume with name="yaakoub"')
