#!python
cubit.cmd('set node constraint on')
cubit.cmd('create Cylinder height 1 radius 5 ')
cubit.cmd('create Cylinder height 1 radius 50 ')
cubit.cmd('subtract body 1 from body 2 ')
cubit.cmd('volume 2  sizing function type skeleton min_size auto max_size auto max_gradient 1.5 min_num_layers_3d 1 min_num_layers_2d 1 min_num_layers_1d 1 ')
cubit.cmd('volume 2  sizing function type skeleton min_size auto max_size auto max_gradient 1.5 min_num_layers_3d 1 min_num_layers_2d 1 min_num_layers_1d 1 ')
cubit.cmd('mesh volume 2 ')
cubit.cmd('undo on')
cubit.cmd('set multisweep off')
cubit.cmd('delete Volume 2')
cubit.cmd('create Cylinder height 1 radius 50 ')
cubit.cmd('create Cylinder height 1 radius 5 ')
cubit.cmd('subtract body 4 from body 3 ')
cubit.cmd('create mesh geometry hex 3  feature_angle 135.0')
cubit.cmd('volume 3 scheme Sphere graded_interval 1 az_interval 8 bias 1 fraction 0.5 max_smooth_iterations 10')
cubit.cmd('volume 3 scheme Sphere max_smooth_iterations 10 ')
cubit.cmd('volume 3 scheme Sphere max_smooth_iterations 10 ')
cubit.cmd('mesh volume 3')
cubit.cmd('delete volume 3')
cubit.cmd('create Cylinder height 1 radius 3 ')
cubit.cmd('create Cylinder height 1 radius 8 ')
cubit.cmd('subtract body 5 from body 6 ')
cubit.cmd('set volume proximity layers off ')
cubit.cmd('set geometry approximation angle 15')
cubit.cmd('set surface gradation minimum 1.3')
cubit.cmd('set volume gradation minimum 1.3')
cubit.cmd('set volume gradation minimum 1.3')
cubit.cmd('volume 6  redistribute nodes off ')
cubit.cmd('volume 6  scheme Sweep  source surface 25    target surface 22   sweep transform least squares ')
cubit.cmd('volume 6  autosmooth target off ')
cubit.cmd('volume 6  redistribute nodes off ')
cubit.cmd('volume 6  scheme Sweep  source surface 25    target surface 22   sweep transform least squares ')
cubit.cmd('volume 6  autosmooth target off ')
cubit.cmd('mesh volume 6 ')
cubit.cmd('delete mesh volume 6  propagate')
cubit.cmd('volume 6  redistribute nodes on ')
cubit.cmd('volume 6  scheme Sweep  source surface 25    target surface 22   sweep transform least squares ')
cubit.cmd('volume 6  autosmooth target off ')
cubit.cmd('mesh volume 6 ')
cubit.cmd('delete Surface 22')
cubit.cmd('delete Surface 22')
cubit.cmd('reset')
cubit.cmd('create Cylinder height 3 radius 3 ')
cubit.cmd('create Cylinder height 3 radius 7 ')
cubit.cmd('subtract body 1 from body 2 ')
cubit.cmd('surface 9 8  scheme hole rad_intervals 36 ')
cubit.cmd('surface 9 8  scheme hole rad_intervals 36 ')
cubit.cmd('mesh surface 9 8 ')
cubit.cmd('undo')
cubit.cmd('undo')
cubit.cmd('undo')
cubit.cmd('undo')
cubit.cmd('subtract body 1 from body 2 ')
cubit.cmd('delete Volume 2')
cubit.cmd('create surface circle radius 3 zplane ')
cubit.cmd('create surface circle radius 8 zplane ')
cubit.cmd('subtract body 3 from body 4 ')
cubit.cmd('surface 12 scheme hole rad_intervals 20 bias -5 ')
cubit.cmd('surface 12 scheme hole rad_intervals 20 bias -5 ')
cubit.cmd('mesh surface 12')
cubit.cmd('surface 12 scheme hole rad_intervals 36 bias -5 ')
cubit.cmd('undo')
cubit.cmd('undo')
cubit.cmd('undo')
cubit.cmd('undo')
cubit.cmd('undo')
cubit.cmd('subtract body 3 from body 4 ')
cubit.cmd('surface 12  scheme hole rad_intervals 5 bias -5 ')
cubit.cmd('surface 12  scheme hole rad_intervals 5 bias -5 ')
cubit.cmd('mesh surface 12 ')
cubit.cmd('create sideset inner')
cubit.cmd('create sideset ID')
cubit.cmd('create sideset 1')
cubit.cmd('sideset 1 name \'Inner\'')
cubit.cmd('Sideset 1 add curve 8  ')
cubit.cmd('sideset 1 name \'Outer\'')
cubit.cmd('Sideset 2 add curve 9  ')
cubit.cmd('sideset 2 name \'Inner\'')
cubit.cmd('undo group begin')
cubit.cmd('set large exodus file on')
cubit.cmd('export mesh "Inner_3_outer_8.e" overwrite ')
cubit.cmd('undo group end')
cubit.cmd('reset')
cubit.cmd('create surface circle radius 1 zplane ')
cubit.cmd('create surface circle radius 10 zplane ')
cubit.cmd('subtract body 1 from body 2 ')
cubit.cmd('surface 3 size auto factor 1 propagate ')
cubit.cmd('surface 3  scheme hole rad_intervals 20 bias -3 ')
cubit.cmd('surface 3  scheme hole rad_intervals 20 bias -3 ')
cubit.cmd('mesh surface 3 ')
cubit.cmd('undo group begin')
cubit.cmd('set large exodus file on')
cubit.cmd('export mesh "inner_1_outer_10.e" overwrite ')
cubit.cmd('undo group end')
cubit.cmd('Sideset 1 add curve 1 ')
cubit.cmd('Sideset 1 add curve 3  ')
cubit.cmd('sideset 1 name \'Inner\'')
cubit.cmd('Sideset 2 add curve 2  ')
cubit.cmd('sideset 2 name \'Outer\'')
cubit.cmd('save as "/home/yye00/Work/Moose/Manticore/meshes/inner_1_outer_10.cub" overwrite journal ')
cubit.cmd('undo group begin')
cubit.cmd('set large exodus file on')
cubit.cmd('export mesh "/home/yye00/Work/Moose/Manticore/meshes/inner_1_outer_10.e" overwrite ')
cubit.cmd('undo group end')
cubit.cmd('reset')
cubit.cmd('reset')
cubit.cmd('create Cylinder height 20 radius 0.1 ')
cubit.cmd('create Cylinder height 20 major radius 10 minor radius 5 ')
cubit.cmd('undo')
cubit.cmd('create Cylinder height 0.02 major radius 10 minor radius 5 ')
